nohup: ignoring input
/workspace/miniforge3/envs/ehrsequencing/lib/python3.10/site-packages/pyhealth/tasks/cardiology_detect.py:3: UserWarning: pkg_resources is deprecated as an API. See https://setuptools.pypa.io/en/latest/pkg_resources.html. The pkg_resources package is slated for removal as early as 2025-11-30. Refrain from using this package or pin to Setuptools<81.
  import pkg_resources
Using device: cuda
📊 Benchmark tracker initialized: /workspace/ehr-sequencing/experiments/embedding_finetuning

================================================================================
BENCHMARK: Pre-training vs Fine-tuning with Pre-trained Embeddings
================================================================================
Model size: large
Patients: 10000
Epochs: 100
Batch size: 128
Using realistic synthetic data with disease patterns
Using max_seq_length=512 (from model config)

🔬 Generating realistic synthetic data...
Generating realistic synthetic data: 10000 patients, vocab=1000
Disease patterns:
  - Type 2 Diabetes: 10.0% prevalence
  - Hypertension: 15.0% prevalence
  - Asthma: 8.0% prevalence
  - Depression: 12.0% prevalence
  - COPD: 6.0% prevalence
  - Heart Failure: 5.0% prevalence
  - Chronic Kidney Disease: 7.0% prevalence
  - Rheumatoid Arthritis: 9.0% prevalence

📊 Dataset Statistics:
   Number of patients: 10000
   Sequence length: 512
   Avg sequence length: 15.3 ± 14.4
   Unique codes used: 63
   Age range: 20-92
   Avg age: 53.0
   Avg visits per patient: 6.1

   Top 10 most frequent codes:
      1. Code 500: 20015 (13.05%) - Routine care
      2. Code 501: 13453 ( 8.77%) - Routine care
      3. Code 502: 10116 ( 6.60%) - Routine care
      4. Code 503:  6689 ( 4.36%) - Routine care
      5. Code 311:  4320 ( 2.82%) - Hypertension (monitoring)
      6. Code 132:  4199 ( 2.74%) - Depression (treatment)
      7. Code 131:  4108 ( 2.68%) - Depression (treatment)
      8. Code 130:  4094 ( 2.67%) - Depression (treatment)
      9. Code 111:  3762 ( 2.45%) - Hypertension (treatment)
      10. Code 110:  3747 ( 2.44%) - Hypertension (treatment)

================================================================================
RUN 1: Pre-training from Scratch (learning embeddings)
================================================================================
/workspace/ehr-sequencing/src/ehrsequencing/models/behrt.py:140: UserWarning: enable_nested_tensor is True, but self.use_nested_tensor is False because encoder_layer.norm_first was True
  self.encoder = nn.TransformerEncoder(
📍 Auto-discovered 6 LoRA target modules:
   - behrt.encoder.layers.0.self_attn.out_proj: Linear(512, 512)
   - behrt.encoder.layers.1.self_attn.out_proj: Linear(512, 512)
   - behrt.encoder.layers.2.self_attn.out_proj: Linear(512, 512)
   - behrt.encoder.layers.3.self_attn.out_proj: Linear(512, 512)
   - behrt.encoder.layers.4.self_attn.out_proj: Linear(512, 512)
   - behrt.encoder.layers.5.self_attn.out_proj: Linear(512, 512)
Applied LoRA to behrt.encoder.layers.0.self_attn.out_proj (in=512, out=512, rank=16)
Applied LoRA to behrt.encoder.layers.1.self_attn.out_proj (in=512, out=512, rank=16)
Applied LoRA to behrt.encoder.layers.2.self_attn.out_proj (in=512, out=512, rank=16)
Applied LoRA to behrt.encoder.layers.3.self_attn.out_proj (in=512, out=512, rank=16)
Applied LoRA to behrt.encoder.layers.4.self_attn.out_proj (in=512, out=512, rank=16)
Applied LoRA to behrt.encoder.layers.5.self_attn.out_proj (in=512, out=512, rank=16)

📊 Model Parameters (Pre-training):
   Total: 20,446,184
   Trainable: 1,530,856 (7.5%)
   Embeddings: 655,872/655,872 trainable
✅ Added run: Pre-training (from scratch)

================================================================================
Training: Pre-training (from scratch)
================================================================================
Epoch 1/100 | Train Loss: 4.5879 Acc: 0.1214 | Val Loss: 3.3221 Acc: 0.1643 🏆 | Patience: 0/10
Epoch 2/100 | Train Loss: 3.0693 Acc: 0.1855 | Val Loss: 2.8031 Acc: 0.2105 🏆 | Patience: 0/10
Epoch 3/100 | Train Loss: 2.6581 Acc: 0.2254 | Val Loss: 2.5388 Acc: 0.2315 🏆 | Patience: 0/10
Epoch 4/100 | Train Loss: 2.4408 Acc: 0.2450 | Val Loss: 2.4134 Acc: 0.2421 🏆 | Patience: 0/10
Epoch 5/100 | Train Loss: 2.3189 Acc: 0.2667 | Val Loss: 2.3315 Acc: 0.2524 🏆 | Patience: 0/10
Epoch 6/100 | Train Loss: 2.2351 Acc: 0.2802 | Val Loss: 2.2728 Acc: 0.2643 🏆 | Patience: 0/10
Epoch 7/100 | Train Loss: 2.1737 Acc: 0.2973 | Val Loss: 2.2260 Acc: 0.2794 🏆 | Patience: 0/10
Epoch 8/100 | Train Loss: 2.1272 Acc: 0.3042 | Val Loss: 2.1950 Acc: 0.2836 🏆 | Patience: 0/10
Epoch 9/100 | Train Loss: 2.0802 Acc: 0.3160 | Val Loss: 2.1605 Acc: 0.2924 🏆 | Patience: 0/10
Epoch 10/100 | Train Loss: 2.0427 Acc: 0.3249 | Val Loss: 2.1330 Acc: 0.2933 🏆 | Patience: 0/10
Epoch 11/100 | Train Loss: 2.0087 Acc: 0.3342 | Val Loss: 2.1114 Acc: 0.2972 🏆 | Patience: 0/10
Epoch 12/100 | Train Loss: 1.9736 Acc: 0.3344 | Val Loss: 2.0879 Acc: 0.3013 🏆 | Patience: 0/10
Epoch 13/100 | Train Loss: 1.9475 Acc: 0.3447 | Val Loss: 2.0685 Acc: 0.3110 🏆 | Patience: 0/10
Epoch 14/100 | Train Loss: 1.9237 Acc: 0.3499 | Val Loss: 2.0510 Acc: 0.3119 🏆 | Patience: 0/10
Epoch 15/100 | Train Loss: 1.9015 Acc: 0.3580 | Val Loss: 2.0347 Acc: 0.3138 🏆 | Patience: 0/10
Epoch 16/100 | Train Loss: 1.8762 Acc: 0.3639 | Val Loss: 2.0125 Acc: 0.3134 🏆 | Patience: 0/10
Epoch 17/100 | Train Loss: 1.8500 Acc: 0.3703 | Val Loss: 1.9896 Acc: 0.3192 🏆 | Patience: 0/10
Epoch 18/100 | Train Loss: 1.8345 Acc: 0.3735 | Val Loss: 1.9919 Acc: 0.3216  | Patience: 1/10
Epoch 19/100 | Train Loss: 1.8028 Acc: 0.3786 | Val Loss: 1.9609 Acc: 0.3259 🏆 | Patience: 0/10
Epoch 20/100 | Train Loss: 1.7927 Acc: 0.3819 | Val Loss: 1.9539 Acc: 0.3285 🏆 | Patience: 0/10
Epoch 21/100 | Train Loss: 1.7703 Acc: 0.3857 | Val Loss: 1.9467 Acc: 0.3337 🏆 | Patience: 0/10
Epoch 22/100 | Train Loss: 1.7550 Acc: 0.3938 | Val Loss: 1.9247 Acc: 0.3359 🏆 | Patience: 0/10
Epoch 23/100 | Train Loss: 1.7291 Acc: 0.4001 | Val Loss: 1.9148 Acc: 0.3365 🏆 | Patience: 0/10
Epoch 24/100 | Train Loss: 1.7119 Acc: 0.4077 | Val Loss: 1.9068 Acc: 0.3317 🏆 | Patience: 0/10
Epoch 25/100 | Train Loss: 1.6944 Acc: 0.4080 | Val Loss: 1.8952 Acc: 0.3410 🏆 | Patience: 0/10
Epoch 26/100 | Train Loss: 1.6757 Acc: 0.4135 | Val Loss: 1.8968 Acc: 0.3393  | Patience: 1/10
Epoch 27/100 | Train Loss: 1.6585 Acc: 0.4152 | Val Loss: 1.8855 Acc: 0.3391 🏆 | Patience: 0/10
Epoch 28/100 | Train Loss: 1.6491 Acc: 0.4178 | Val Loss: 1.8841 Acc: 0.3356 🏆 | Patience: 0/10
Epoch 29/100 | Train Loss: 1.6373 Acc: 0.4226 | Val Loss: 1.8689 Acc: 0.3408 🏆 | Patience: 0/10
Epoch 30/100 | Train Loss: 1.6205 Acc: 0.4305 | Val Loss: 1.8695 Acc: 0.3458  | Patience: 1/10
Epoch 31/100 | Train Loss: 1.6099 Acc: 0.4346 | Val Loss: 1.8711 Acc: 0.3456  | Patience: 2/10
Epoch 32/100 | Train Loss: 1.5899 Acc: 0.4387 | Val Loss: 1.8624 Acc: 0.3462 🏆 | Patience: 0/10
Epoch 33/100 | Train Loss: 1.5845 Acc: 0.4368 | Val Loss: 1.8564 Acc: 0.3434 🏆 | Patience: 0/10
Epoch 34/100 | Train Loss: 1.5754 Acc: 0.4435 | Val Loss: 1.8554 Acc: 0.3484 🏆 | Patience: 0/10
Epoch 35/100 | Train Loss: 1.5559 Acc: 0.4476 | Val Loss: 1.8487 Acc: 0.3475 🏆 | Patience: 0/10
Epoch 36/100 | Train Loss: 1.5491 Acc: 0.4478 | Val Loss: 1.8486 Acc: 0.3460 🏆 | Patience: 0/10
Epoch 37/100 | Train Loss: 1.5368 Acc: 0.4603 | Val Loss: 1.8407 Acc: 0.3454 🏆 | Patience: 0/10
Epoch 38/100 | Train Loss: 1.5276 Acc: 0.4565 | Val Loss: 1.8424 Acc: 0.3430  | Patience: 1/10
Epoch 39/100 | Train Loss: 1.5023 Acc: 0.4678 | Val Loss: 1.8440 Acc: 0.3497  | Patience: 2/10
Epoch 40/100 | Train Loss: 1.4945 Acc: 0.4685 | Val Loss: 1.8412 Acc: 0.3449  | Patience: 3/10
Epoch 41/100 | Train Loss: 1.4861 Acc: 0.4719 | Val Loss: 1.8357 Acc: 0.3490 🏆 | Patience: 0/10
Epoch 42/100 | Train Loss: 1.4743 Acc: 0.4747 | Val Loss: 1.8383 Acc: 0.3497  | Patience: 1/10
Epoch 43/100 | Train Loss: 1.4595 Acc: 0.4845 | Val Loss: 1.8372 Acc: 0.3516  | Patience: 2/10
Epoch 44/100 | Train Loss: 1.4531 Acc: 0.4807 | Val Loss: 1.8388 Acc: 0.3514  | Patience: 3/10
Epoch 45/100 | Train Loss: 1.4386 Acc: 0.4887 | Val Loss: 1.8339 Acc: 0.3568 🏆 | Patience: 0/10
Epoch 46/100 | Train Loss: 1.4238 Acc: 0.4933 | Val Loss: 1.8264 Acc: 0.3553 🏆 | Patience: 0/10
Epoch 47/100 | Train Loss: 1.4162 Acc: 0.4952 | Val Loss: 1.8364 Acc: 0.3588  | Patience: 1/10
Epoch 48/100 | Train Loss: 1.4093 Acc: 0.4991 | Val Loss: 1.8348 Acc: 0.3557  | Patience: 2/10
Epoch 49/100 | Train Loss: 1.3977 Acc: 0.5087 | Val Loss: 1.8360 Acc: 0.3642  | Patience: 3/10
Epoch 50/100 | Train Loss: 1.3827 Acc: 0.5104 | Val Loss: 1.8308 Acc: 0.3609  | Patience: 4/10
Epoch 51/100 | Train Loss: 1.3703 Acc: 0.5186 | Val Loss: 1.8330 Acc: 0.3553  | Patience: 5/10
Epoch 52/100 | Train Loss: 1.3596 Acc: 0.5194 | Val Loss: 1.8279 Acc: 0.3573  | Patience: 6/10
Epoch 53/100 | Train Loss: 1.3501 Acc: 0.5216 | Val Loss: 1.8265 Acc: 0.3588  | Patience: 7/10
Epoch 54/100 | Train Loss: 1.3403 Acc: 0.5258 | Val Loss: 1.8442 Acc: 0.3538  | Patience: 8/10
Epoch 55/100 | Train Loss: 1.3243 Acc: 0.5336 | Val Loss: 1.8287 Acc: 0.3668  | Patience: 9/10
Epoch 56/100 | Train Loss: 1.3146 Acc: 0.5337 | Val Loss: 1.8321 Acc: 0.3575  | Patience: 10/10

⚠️  Early stopping at epoch 56

📊 Computing final metrics for Pre-training (from scratch)...
   ROC-AUC: 0.9655
   PR-AUC: 0.2943
   Avg Precision: 0.3014
💾 Saved embeddings to /workspace/ehr-sequencing/experiments/embedding_finetuning/pretrained_embeddings.pt
   Shape: torch.Size([1000, 256])
   Metadata: {'vocab_size': 1000, 'embedding_dim': 256}

================================================================================
RUN 2: Fine-tuning with Pre-trained Embeddings (frozen embeddings)
================================================================================
/workspace/ehr-sequencing/src/ehrsequencing/models/behrt.py:140: UserWarning: enable_nested_tensor is True, but self.use_nested_tensor is False because encoder_layer.norm_first was True
  self.encoder = nn.TransformerEncoder(

📂 Loading pre-trained embeddings from Run 1...
✅ Initialized embedding layer with pre-trained weights (frozen)
📍 Auto-discovered 6 LoRA target modules:
   - behrt.encoder.layers.0.self_attn.out_proj: Linear(512, 512)
   - behrt.encoder.layers.1.self_attn.out_proj: Linear(512, 512)
   - behrt.encoder.layers.2.self_attn.out_proj: Linear(512, 512)
   - behrt.encoder.layers.3.self_attn.out_proj: Linear(512, 512)
   - behrt.encoder.layers.4.self_attn.out_proj: Linear(512, 512)
   - behrt.encoder.layers.5.self_attn.out_proj: Linear(512, 512)
Applied LoRA to behrt.encoder.layers.0.self_attn.out_proj (in=512, out=512, rank=16)
Applied LoRA to behrt.encoder.layers.1.self_attn.out_proj (in=512, out=512, rank=16)
Applied LoRA to behrt.encoder.layers.2.self_attn.out_proj (in=512, out=512, rank=16)
Applied LoRA to behrt.encoder.layers.3.self_attn.out_proj (in=512, out=512, rank=16)
Applied LoRA to behrt.encoder.layers.4.self_attn.out_proj (in=512, out=512, rank=16)
Applied LoRA to behrt.encoder.layers.5.self_attn.out_proj (in=512, out=512, rank=16)

📊 Model Parameters (Fine-tuning):
   Total: 20,446,184
   Trainable: 874,984 (4.3%)
   Embeddings: 0/655,872 trainable (frozen)
✅ Added run: Fine-tuning (pre-trained embeddings)

================================================================================
Training: Fine-tuning (pre-trained embeddings)
================================================================================
Epoch 1/100 | Train Loss: 4.8283 Acc: 0.1109 | Val Loss: 3.5144 Acc: 0.1418 🏆 | Patience: 0/10
Epoch 2/100 | Train Loss: 3.2933 Acc: 0.1564 | Val Loss: 3.0729 Acc: 0.1751 🏆 | Patience: 0/10
Epoch 3/100 | Train Loss: 2.9867 Acc: 0.1896 | Val Loss: 2.8477 Acc: 0.1980 🏆 | Patience: 0/10
Epoch 4/100 | Train Loss: 2.7811 Acc: 0.2135 | Val Loss: 2.6852 Acc: 0.2155 🏆 | Patience: 0/10
Epoch 5/100 | Train Loss: 2.6278 Acc: 0.2362 | Val Loss: 2.5754 Acc: 0.2308 🏆 | Patience: 0/10
Epoch 6/100 | Train Loss: 2.5269 Acc: 0.2491 | Val Loss: 2.4908 Acc: 0.2440 🏆 | Patience: 0/10
Epoch 7/100 | Train Loss: 2.4408 Acc: 0.2662 | Val Loss: 2.4389 Acc: 0.2447 🏆 | Patience: 0/10
Epoch 8/100 | Train Loss: 2.3832 Acc: 0.2738 | Val Loss: 2.4002 Acc: 0.2563 🏆 | Patience: 0/10
Epoch 9/100 | Train Loss: 2.3364 Acc: 0.2804 | Val Loss: 2.3659 Acc: 0.2600 🏆 | Patience: 0/10
Epoch 10/100 | Train Loss: 2.3019 Acc: 0.2867 | Val Loss: 2.3379 Acc: 0.2654 🏆 | Patience: 0/10
Epoch 11/100 | Train Loss: 2.2652 Acc: 0.2954 | Val Loss: 2.3204 Acc: 0.2673 🏆 | Patience: 0/10
Epoch 12/100 | Train Loss: 2.2376 Acc: 0.2957 | Val Loss: 2.3031 Acc: 0.2734 🏆 | Patience: 0/10
Epoch 13/100 | Train Loss: 2.2152 Acc: 0.3024 | Val Loss: 2.2909 Acc: 0.2749 🏆 | Patience: 0/10
Epoch 14/100 | Train Loss: 2.1907 Acc: 0.3118 | Val Loss: 2.2838 Acc: 0.2719 🏆 | Patience: 0/10
Epoch 15/100 | Train Loss: 2.1745 Acc: 0.3128 | Val Loss: 2.2671 Acc: 0.2831 🏆 | Patience: 0/10
Epoch 16/100 | Train Loss: 2.1549 Acc: 0.3158 | Val Loss: 2.2610 Acc: 0.2779 🏆 | Patience: 0/10
Epoch 17/100 | Train Loss: 2.1415 Acc: 0.3208 | Val Loss: 2.2480 Acc: 0.2874 🏆 | Patience: 0/10
Epoch 18/100 | Train Loss: 2.1223 Acc: 0.3261 | Val Loss: 2.2448 Acc: 0.2842 🏆 | Patience: 0/10
Epoch 19/100 | Train Loss: 2.1150 Acc: 0.3281 | Val Loss: 2.2329 Acc: 0.2881 🏆 | Patience: 0/10
Epoch 20/100 | Train Loss: 2.0965 Acc: 0.3294 | Val Loss: 2.2232 Acc: 0.2859 🏆 | Patience: 0/10
Epoch 21/100 | Train Loss: 2.0911 Acc: 0.3309 | Val Loss: 2.2241 Acc: 0.2883  | Patience: 1/10
Epoch 22/100 | Train Loss: 2.0760 Acc: 0.3389 | Val Loss: 2.2092 Acc: 0.2890 🏆 | Patience: 0/10
Epoch 23/100 | Train Loss: 2.0565 Acc: 0.3438 | Val Loss: 2.2077 Acc: 0.2900 🏆 | Patience: 0/10
Epoch 24/100 | Train Loss: 2.0470 Acc: 0.3426 | Val Loss: 2.2016 Acc: 0.2993 🏆 | Patience: 0/10
Epoch 25/100 | Train Loss: 2.0395 Acc: 0.3458 | Val Loss: 2.1989 Acc: 0.2957 🏆 | Patience: 0/10
Epoch 26/100 | Train Loss: 2.0232 Acc: 0.3533 | Val Loss: 2.1914 Acc: 0.2911 🏆 | Patience: 0/10
Epoch 27/100 | Train Loss: 2.0051 Acc: 0.3514 | Val Loss: 2.1852 Acc: 0.2987 🏆 | Patience: 0/10
Epoch 28/100 | Train Loss: 2.0081 Acc: 0.3531 | Val Loss: 2.1858 Acc: 0.2978  | Patience: 1/10
Epoch 29/100 | Train Loss: 1.9886 Acc: 0.3612 | Val Loss: 2.1767 Acc: 0.3004 🏆 | Patience: 0/10
Epoch 30/100 | Train Loss: 1.9751 Acc: 0.3586 | Val Loss: 2.1723 Acc: 0.2980 🏆 | Patience: 0/10
Epoch 31/100 | Train Loss: 1.9747 Acc: 0.3652 | Val Loss: 2.1702 Acc: 0.3006 🏆 | Patience: 0/10
Epoch 32/100 | Train Loss: 1.9512 Acc: 0.3659 | Val Loss: 2.1737 Acc: 0.3037  | Patience: 1/10
Epoch 33/100 | Train Loss: 1.9503 Acc: 0.3695 | Val Loss: 2.1582 Acc: 0.3034 🏆 | Patience: 0/10
Epoch 34/100 | Train Loss: 1.9212 Acc: 0.3790 | Val Loss: 2.1572 Acc: 0.2982 🏆 | Patience: 0/10
Epoch 35/100 | Train Loss: 1.9175 Acc: 0.3781 | Val Loss: 2.1518 Acc: 0.3049 🏆 | Patience: 0/10
Epoch 36/100 | Train Loss: 1.9172 Acc: 0.3791 | Val Loss: 2.1557 Acc: 0.3015  | Patience: 1/10
Epoch 37/100 | Train Loss: 1.8955 Acc: 0.3813 | Val Loss: 2.1453 Acc: 0.3039 🏆 | Patience: 0/10
Epoch 38/100 | Train Loss: 1.8914 Acc: 0.3865 | Val Loss: 2.1499 Acc: 0.3019  | Patience: 1/10
Epoch 39/100 | Train Loss: 1.8772 Acc: 0.3894 | Val Loss: 2.1333 Acc: 0.3032 🏆 | Patience: 0/10
Epoch 40/100 | Train Loss: 1.8686 Acc: 0.3943 | Val Loss: 2.1352 Acc: 0.3039  | Patience: 1/10
Epoch 41/100 | Train Loss: 1.8550 Acc: 0.3954 | Val Loss: 2.1345 Acc: 0.3095  | Patience: 2/10
Epoch 42/100 | Train Loss: 1.8417 Acc: 0.3974 | Val Loss: 2.1329 Acc: 0.3075 🏆 | Patience: 0/10
Epoch 43/100 | Train Loss: 1.8390 Acc: 0.4014 | Val Loss: 2.1271 Acc: 0.3065 🏆 | Patience: 0/10
Epoch 44/100 | Train Loss: 1.8203 Acc: 0.4016 | Val Loss: 2.1326 Acc: 0.3110  | Patience: 1/10
Epoch 45/100 | Train Loss: 1.8131 Acc: 0.4063 | Val Loss: 2.1194 Acc: 0.3069 🏆 | Patience: 0/10
Epoch 46/100 | Train Loss: 1.7976 Acc: 0.4125 | Val Loss: 2.1268 Acc: 0.3088  | Patience: 1/10
Epoch 47/100 | Train Loss: 1.7835 Acc: 0.4138 | Val Loss: 2.1219 Acc: 0.3091  | Patience: 2/10
Epoch 48/100 | Train Loss: 1.7825 Acc: 0.4160 | Val Loss: 2.1226 Acc: 0.3049  | Patience: 3/10
Epoch 49/100 | Train Loss: 1.7703 Acc: 0.4243 | Val Loss: 2.1240 Acc: 0.3101  | Patience: 4/10
Epoch 50/100 | Train Loss: 1.7575 Acc: 0.4277 | Val Loss: 2.1247 Acc: 0.3114  | Patience: 5/10
Epoch 51/100 | Train Loss: 1.7447 Acc: 0.4298 | Val Loss: 2.1249 Acc: 0.3078  | Patience: 6/10
Epoch 52/100 | Train Loss: 1.7386 Acc: 0.4274 | Val Loss: 2.1244 Acc: 0.3110  | Patience: 7/10
Epoch 53/100 | Train Loss: 1.7348 Acc: 0.4325 | Val Loss: 2.1155 Acc: 0.3099 🏆 | Patience: 0/10
Epoch 54/100 | Train Loss: 1.7175 Acc: 0.4362 | Val Loss: 2.1142 Acc: 0.3125 🏆 | Patience: 0/10
Epoch 55/100 | Train Loss: 1.7092 Acc: 0.4372 | Val Loss: 2.1135 Acc: 0.3078 🏆 | Patience: 0/10
Epoch 56/100 | Train Loss: 1.6980 Acc: 0.4400 | Val Loss: 2.1145 Acc: 0.3123  | Patience: 1/10
Epoch 57/100 | Train Loss: 1.6866 Acc: 0.4443 | Val Loss: 2.1178 Acc: 0.3181  | Patience: 2/10
Epoch 58/100 | Train Loss: 1.6795 Acc: 0.4445 | Val Loss: 2.1181 Acc: 0.3177  | Patience: 3/10
Epoch 59/100 | Train Loss: 1.6630 Acc: 0.4561 | Val Loss: 2.1226 Acc: 0.3104  | Patience: 4/10
Epoch 60/100 | Train Loss: 1.6527 Acc: 0.4540 | Val Loss: 2.1198 Acc: 0.3075  | Patience: 5/10
Epoch 61/100 | Train Loss: 1.6530 Acc: 0.4560 | Val Loss: 2.1180 Acc: 0.3153  | Patience: 6/10
Epoch 62/100 | Train Loss: 1.6463 Acc: 0.4588 | Val Loss: 2.1138 Acc: 0.3125  | Patience: 7/10
Epoch 63/100 | Train Loss: 1.6286 Acc: 0.4611 | Val Loss: 2.1232 Acc: 0.3073  | Patience: 8/10
Epoch 64/100 | Train Loss: 1.6237 Acc: 0.4654 | Val Loss: 2.1191 Acc: 0.3147  | Patience: 9/10
Epoch 65/100 | Train Loss: 1.6126 Acc: 0.4705 | Val Loss: 2.1195 Acc: 0.3145  | Patience: 10/10

⚠️  Early stopping at epoch 65

📊 Computing final metrics for Fine-tuning (pre-trained embeddings)...
   ROC-AUC: 0.9500
   PR-AUC: 0.2365
   Avg Precision: 0.2436

================================================================================
RUN 3: Fine-tuning with Pre-trained Embeddings (fine-tuned embeddings)
================================================================================
/workspace/ehr-sequencing/src/ehrsequencing/models/behrt.py:140: UserWarning: enable_nested_tensor is True, but self.use_nested_tensor is False because encoder_layer.norm_first was True
  self.encoder = nn.TransformerEncoder(

📂 Loading pre-trained embeddings from Run 1 (will be fine-tuned)...
✅ Initialized embedding layer with pre-trained weights (trainable)
📍 Auto-discovered 6 LoRA target modules:
   - behrt.encoder.layers.0.self_attn.out_proj: Linear(512, 512)
   - behrt.encoder.layers.1.self_attn.out_proj: Linear(512, 512)
   - behrt.encoder.layers.2.self_attn.out_proj: Linear(512, 512)
   - behrt.encoder.layers.3.self_attn.out_proj: Linear(512, 512)
   - behrt.encoder.layers.4.self_attn.out_proj: Linear(512, 512)
   - behrt.encoder.layers.5.self_attn.out_proj: Linear(512, 512)
Applied LoRA to behrt.encoder.layers.0.self_attn.out_proj (in=512, out=512, rank=16)
Applied LoRA to behrt.encoder.layers.1.self_attn.out_proj (in=512, out=512, rank=16)
Applied LoRA to behrt.encoder.layers.2.self_attn.out_proj (in=512, out=512, rank=16)
Applied LoRA to behrt.encoder.layers.3.self_attn.out_proj (in=512, out=512, rank=16)
Applied LoRA to behrt.encoder.layers.4.self_attn.out_proj (in=512, out=512, rank=16)
Applied LoRA to behrt.encoder.layers.5.self_attn.out_proj (in=512, out=512, rank=16)

📊 Model Parameters (Fine-tuning with trainable embeddings):
   Total: 20,446,184
   Trainable: 1,530,856 (7.5%)
   Embeddings: 655,872/655,872 trainable (fine-tuned)
✅ Added run: Fine-tuning (fine-tuned embeddings)

================================================================================
Training: Fine-tuning (fine-tuned embeddings)
================================================================================
Epoch 1/100 | Train Loss: 4.6264 Acc: 0.1176 | Val Loss: 3.3328 Acc: 0.1597 🏆 | Patience: 0/10
Epoch 2/100 | Train Loss: 3.0632 Acc: 0.1841 | Val Loss: 2.8001 Acc: 0.2096 🏆 | Patience: 0/10
Epoch 3/100 | Train Loss: 2.6549 Acc: 0.2220 | Val Loss: 2.5288 Acc: 0.2343 🏆 | Patience: 0/10
Epoch 4/100 | Train Loss: 2.4387 Acc: 0.2484 | Val Loss: 2.3942 Acc: 0.2529 🏆 | Patience: 0/10
Epoch 5/100 | Train Loss: 2.3136 Acc: 0.2681 | Val Loss: 2.3307 Acc: 0.2570 🏆 | Patience: 0/10
Epoch 6/100 | Train Loss: 2.2303 Acc: 0.2775 | Val Loss: 2.2637 Acc: 0.2715 🏆 | Patience: 0/10
Epoch 7/100 | Train Loss: 2.1767 Acc: 0.2939 | Val Loss: 2.2230 Acc: 0.2848 🏆 | Patience: 0/10
Epoch 8/100 | Train Loss: 2.1269 Acc: 0.3054 | Val Loss: 2.1872 Acc: 0.2911 🏆 | Patience: 0/10
Epoch 9/100 | Train Loss: 2.0862 Acc: 0.3149 | Val Loss: 2.1644 Acc: 0.2950 🏆 | Patience: 0/10
Epoch 10/100 | Train Loss: 2.0461 Acc: 0.3215 | Val Loss: 2.1403 Acc: 0.2991 🏆 | Patience: 0/10
Epoch 11/100 | Train Loss: 2.0136 Acc: 0.3294 | Val Loss: 2.1191 Acc: 0.3004 🏆 | Patience: 0/10
Epoch 12/100 | Train Loss: 1.9889 Acc: 0.3386 | Val Loss: 2.0896 Acc: 0.3095 🏆 | Patience: 0/10
Epoch 13/100 | Train Loss: 1.9484 Acc: 0.3458 | Val Loss: 2.0681 Acc: 0.3080 🏆 | Patience: 0/10
Epoch 14/100 | Train Loss: 1.9328 Acc: 0.3527 | Val Loss: 2.0554 Acc: 0.3129 🏆 | Patience: 0/10
Epoch 15/100 | Train Loss: 1.9030 Acc: 0.3563 | Val Loss: 2.0441 Acc: 0.3177 🏆 | Patience: 0/10
Epoch 16/100 | Train Loss: 1.8826 Acc: 0.3626 | Val Loss: 2.0220 Acc: 0.3129 🏆 | Patience: 0/10
Epoch 17/100 | Train Loss: 1.8549 Acc: 0.3691 | Val Loss: 2.0160 Acc: 0.3134 🏆 | Patience: 0/10
Epoch 18/100 | Train Loss: 1.8359 Acc: 0.3721 | Val Loss: 1.9989 Acc: 0.3194 🏆 | Patience: 0/10
Epoch 19/100 | Train Loss: 1.8146 Acc: 0.3768 | Val Loss: 1.9721 Acc: 0.3188 🏆 | Patience: 0/10
Epoch 20/100 | Train Loss: 1.7934 Acc: 0.3829 | Val Loss: 1.9683 Acc: 0.3246 🏆 | Patience: 0/10
Epoch 21/100 | Train Loss: 1.7747 Acc: 0.3856 | Val Loss: 1.9642 Acc: 0.3220 🏆 | Patience: 0/10
Epoch 22/100 | Train Loss: 1.7522 Acc: 0.3964 | Val Loss: 1.9353 Acc: 0.3294 🏆 | Patience: 0/10
Epoch 23/100 | Train Loss: 1.7399 Acc: 0.3956 | Val Loss: 1.9370 Acc: 0.3309  | Patience: 1/10
Epoch 24/100 | Train Loss: 1.7152 Acc: 0.4030 | Val Loss: 1.9194 Acc: 0.3276 🏆 | Patience: 0/10
Epoch 25/100 | Train Loss: 1.7068 Acc: 0.4042 | Val Loss: 1.9204 Acc: 0.3309  | Patience: 1/10
Epoch 26/100 | Train Loss: 1.6858 Acc: 0.4125 | Val Loss: 1.9020 Acc: 0.3311 🏆 | Patience: 0/10
Epoch 27/100 | Train Loss: 1.6739 Acc: 0.4194 | Val Loss: 1.9058 Acc: 0.3361  | Patience: 1/10
Epoch 28/100 | Train Loss: 1.6596 Acc: 0.4224 | Val Loss: 1.8985 Acc: 0.3387 🏆 | Patience: 0/10
Epoch 29/100 | Train Loss: 1.6415 Acc: 0.4266 | Val Loss: 1.8874 Acc: 0.3408 🏆 | Patience: 0/10
Epoch 30/100 | Train Loss: 1.6288 Acc: 0.4295 | Val Loss: 1.8882 Acc: 0.3432  | Patience: 1/10
Epoch 31/100 | Train Loss: 1.6219 Acc: 0.4312 | Val Loss: 1.8797 Acc: 0.3378 🏆 | Patience: 0/10
Epoch 32/100 | Train Loss: 1.5954 Acc: 0.4392 | Val Loss: 1.8707 Acc: 0.3458 🏆 | Patience: 0/10
Epoch 33/100 | Train Loss: 1.5891 Acc: 0.4398 | Val Loss: 1.8753 Acc: 0.3443  | Patience: 1/10
Epoch 34/100 | Train Loss: 1.5704 Acc: 0.4456 | Val Loss: 1.8748 Acc: 0.3488  | Patience: 2/10
Epoch 35/100 | Train Loss: 1.5653 Acc: 0.4479 | Val Loss: 1.8727 Acc: 0.3506  | Patience: 3/10
Epoch 36/100 | Train Loss: 1.5480 Acc: 0.4520 | Val Loss: 1.8610 Acc: 0.3486 🏆 | Patience: 0/10
Epoch 37/100 | Train Loss: 1.5410 Acc: 0.4552 | Val Loss: 1.8618 Acc: 0.3464  | Patience: 1/10
Epoch 38/100 | Train Loss: 1.5345 Acc: 0.4608 | Val Loss: 1.8601 Acc: 0.3501 🏆 | Patience: 0/10
Epoch 39/100 | Train Loss: 1.5164 Acc: 0.4679 | Val Loss: 1.8556 Acc: 0.3473 🏆 | Patience: 0/10
Epoch 40/100 | Train Loss: 1.5015 Acc: 0.4695 | Val Loss: 1.8533 Acc: 0.3514 🏆 | Patience: 0/10
Epoch 41/100 | Train Loss: 1.4876 Acc: 0.4747 | Val Loss: 1.8483 Acc: 0.3553 🏆 | Patience: 0/10
Epoch 42/100 | Train Loss: 1.4787 Acc: 0.4781 | Val Loss: 1.8522 Acc: 0.3581  | Patience: 1/10
Epoch 43/100 | Train Loss: 1.4683 Acc: 0.4844 | Val Loss: 1.8464 Acc: 0.3529 🏆 | Patience: 0/10
Epoch 44/100 | Train Loss: 1.4541 Acc: 0.4855 | Val Loss: 1.8468 Acc: 0.3525  | Patience: 1/10
Epoch 45/100 | Train Loss: 1.4398 Acc: 0.4917 | Val Loss: 1.8544 Acc: 0.3557  | Patience: 2/10
Epoch 46/100 | Train Loss: 1.4335 Acc: 0.4953 | Val Loss: 1.8420 Acc: 0.3551 🏆 | Patience: 0/10
Epoch 47/100 | Train Loss: 1.4217 Acc: 0.4973 | Val Loss: 1.8436 Acc: 0.3605  | Patience: 1/10
Epoch 48/100 | Train Loss: 1.4102 Acc: 0.5057 | Val Loss: 1.8494 Acc: 0.3603  | Patience: 2/10
Epoch 49/100 | Train Loss: 1.3952 Acc: 0.5099 | Val Loss: 1.8384 Acc: 0.3620 🏆 | Patience: 0/10
Epoch 50/100 | Train Loss: 1.3852 Acc: 0.5161 | Val Loss: 1.8428 Acc: 0.3635  | Patience: 1/10
Epoch 51/100 | Train Loss: 1.3780 Acc: 0.5123 | Val Loss: 1.8464 Acc: 0.3611  | Patience: 2/10
Epoch 52/100 | Train Loss: 1.3621 Acc: 0.5185 | Val Loss: 1.8475 Acc: 0.3585  | Patience: 3/10
Epoch 53/100 | Train Loss: 1.3485 Acc: 0.5259 | Val Loss: 1.8527 Acc: 0.3633  | Patience: 4/10
Epoch 54/100 | Train Loss: 1.3364 Acc: 0.5309 | Val Loss: 1.8516 Acc: 0.3642  | Patience: 5/10
Epoch 55/100 | Train Loss: 1.3255 Acc: 0.5378 | Val Loss: 1.8585 Acc: 0.3620  | Patience: 6/10
Epoch 56/100 | Train Loss: 1.3175 Acc: 0.5338 | Val Loss: 1.8468 Acc: 0.3681  | Patience: 7/10
Epoch 57/100 | Train Loss: 1.3110 Acc: 0.5382 | Val Loss: 1.8548 Acc: 0.3635  | Patience: 8/10
Epoch 58/100 | Train Loss: 1.3001 Acc: 0.5441 | Val Loss: 1.8490 Acc: 0.3652  | Patience: 9/10
Epoch 59/100 | Train Loss: 1.2850 Acc: 0.5483 | Val Loss: 1.8517 Acc: 0.3659  | Patience: 10/10

⚠️  Early stopping at epoch 59

📊 Computing final metrics for Fine-tuning (fine-tuned embeddings)...
   ROC-AUC: 0.9650
   PR-AUC: 0.2952
   Avg Precision: 0.3018

================================================================================
Generating Comparison Plots and Summary
================================================================================

📊 Generating all benchmark visualizations...
📈 Saved training curves: /workspace/ehr-sequencing/experiments/embedding_finetuning/training_curves.png
📊 Saved performance metrics: /workspace/ehr-sequencing/experiments/embedding_finetuning/performance_metrics.png
📈 Saved convergence plot: /workspace/ehr-sequencing/experiments/embedding_finetuning/convergence_loss.png
📈 Saved convergence plot: /workspace/ehr-sequencing/experiments/embedding_finetuning/convergence_accuracy.png
⏱️  Saved training time plot: /workspace/ehr-sequencing/experiments/embedding_finetuning/training_time.png
✅ All visualizations saved to: /workspace/ehr-sequencing/experiments/embedding_finetuning

📈 Computing ROC curves...
📈 Saved ROC curves: /workspace/ehr-sequencing/experiments/embedding_finetuning/roc_curves_comparison.png
📈 Computing PR curves...
📈 Saved PR curves: /workspace/ehr-sequencing/experiments/embedding_finetuning/pr_curves_comparison.png
📄 Saved summary: /workspace/ehr-sequencing/experiments/embedding_finetuning/SUMMARY.txt

================================================================================
✅ BENCHMARK COMPLETE!
================================================================================
📁 All outputs saved to: /workspace/ehr-sequencing/experiments/embedding_finetuning
⏱️  Total time: 188.55 minutes

Key files:
   - /workspace/ehr-sequencing/experiments/embedding_finetuning/SUMMARY.txt
   - /workspace/ehr-sequencing/experiments/embedding_finetuning/training_curves_comparison.png
   - /workspace/ehr-sequencing/experiments/embedding_finetuning/performance_metrics_comparison.png
   - /workspace/ehr-sequencing/experiments/embedding_finetuning/roc_curves_comparison.png
   - /workspace/ehr-sequencing/experiments/embedding_finetuning/pr_curves_comparison.png
